U2FsdGVkX1/ThWuDwJyiDZQAlYVQ3X2EM8Rx+f/OEkCY87pBztwKDkuI1qpq2myD
FcsU/ikyb+YYpgLv4nF7OE0gPFByJraVZz5E8tBtXOg=
