VAULT=SECRETS*
MADE=U2FsdGVkX18saI2WsjpiBZZ5WxLnZRWeBOg4RSdFl3Q=
COMPANY=U2FsdGVkX19Ys3YhSHTNuFlfYmHExsPmFDjIMqKsD4Q=
AUTHOR=U2FsdGVkX1//Z8i3BavatDjn5apq1rY+iEVAalIo7O4=
URL=U2FsdGVkX1/lPIzbLvf7NOWomFeHlo8S/s7m0fRPv6Y//FbphAw7XLe90YVLB2FM
AUTHOR_URL=https://ilhicas.com
TAG=LATEST*#!1234"56)7(9)+"'';_|/&%$#==!=:
